// Jest Snapshot v1, https://goo.gl/fbAQLP

exports[`Tv Shows Component should render correctly 1`] = `
<div
  class="carouselv2-container"
>
  <div
    class="carouselv2-track"
    style="transform: translateX(0%);"
  >
    <span
      class="carouselv2-item-placehodler"
    />
    <div
      class="image-container-with-border"
    >
      <div
        class="carouselv2-item"
        data-key="0"
        data-src="https://streamcoimg-a.akamaihd.net/000/672/98/67298-PosterArt-2039396c9e27d6271c96776414d6a38c.jpg?resize=512px:*&quality=75&preferredFormat=image/jpeg"
        style="outline: none;"
        tabindex="0"
      >
        <a
          href="/program?mid=67298&from=tvshows"
        >
          <img
            class="c-img"
          />
        </a>
      </div>
    </div>
    <div
      class="image-container-without-border"
    >
      <div
        class="carouselv2-item"
        data-key="1"
        data-src="https://streamcoimg-a.akamaihd.net/000/657/37/65737-PosterArt-15bee119eb92a5f33670e6bd3f1af967.jpg?resize=512px:*&quality=75&preferredFormat=image/jpeg"
        style="outline: none;"
        tabindex="0"
      >
        <a
          href="/program?mid=65737&from=tvshows"
        >
          <img
            class="c-img"
          />
        </a>
      </div>
    </div>
    <div
      class="image-container-without-border"
    >
      <div
        class="carouselv2-item"
        data-key="2"
        data-src="https://streamcoimg-a.akamaihd.net/000/675/17/67517-PosterArt-d740bf2159cf9c3eb1b22db4043076ff.jpg?resize=512px:*&quality=75&preferredFormat=image/jpeg"
        style="outline: none;"
        tabindex="0"
      >
        <a
          href="/program?mid=67517&from=tvshows"
        >
          <img
            class="c-img"
          />
        </a>
      </div>
    </div>
    <div
      class="image-container-without-border"
    >
      <div
        class="carouselv2-item"
        data-key="3"
        data-src="https://streamcoimg-a.akamaihd.net/000/561/97/56197-PosterArt-469c02a0132ce2629859f70303083c85.jpg?resize=512px:*&quality=75&preferredFormat=image/jpeg"
        style="outline: none;"
        tabindex="0"
      >
        <a
          href="/program?mid=56197&from=tvshows"
        >
          <img
            class="c-img"
          />
        </a>
      </div>
    </div>
    <div
      class="image-container-without-border"
    >
      <div
        class="carouselv2-item"
        data-key="4"
        data-src="https://streamcoimg-a.akamaihd.net/000/267/02/26702-PosterArt-fa4764f2e5af823683130cec70f227ae.jpg?resize=512px:*&quality=75&preferredFormat=image/jpeg"
        style="outline: none;"
        tabindex="0"
      >
        <a
          href="/program?mid=26702&from=tvshows"
        >
          <img
            class="c-img"
          />
        </a>
      </div>
    </div>
    <div
      class="image-container-without-border"
    >
      <div
        class="carouselv2-item"
        data-key="5"
        data-src="https://streamcoimg-a.akamaihd.net/000/301/9990/3019990-PosterArt-5984e294f596ed0ad0c006162770e080.jpg?resize=512px:*&quality=75&preferredFormat=image/jpeg"
        style="outline: none;"
        tabindex="0"
      >
        <a
          href="/program?mid=3019990&from=tvshows"
        >
          <img
            class="c-img"
          />
        </a>
      </div>
    </div>
    <div
      class="image-container-without-border"
    >
      <div
        class="carouselv2-item"
        data-key="6"
        data-src="https://streamcoimg-a.akamaihd.net/000/675/43/67543-PosterArt-44056c0edeaae6d3dcd6874e2939c2f6.jpg?resize=512px:*&quality=75&preferredFormat=image/jpeg"
        style="outline: none;"
        tabindex="0"
      >
        <a
          href="/program?mid=67543&from=tvshows"
        >
          <img
            class="c-img"
          />
        </a>
      </div>
    </div>
    <div
      class="image-container-without-border"
    >
      <div
        class="carouselv2-item"
        data-key="7"
        data-src="https://streamcoimg-a.akamaihd.net/000/675/42/67542-PosterArt-31c442575a5b2142e4f6f8bd4b27b635.jpg?resize=512px:*&quality=75&preferredFormat=image/jpeg"
        style="outline: none;"
        tabindex="0"
      >
        <a
          href="/program?mid=67542&from=tvshows"
        >
          <img
            class="c-img"
          />
        </a>
      </div>
    </div>
    <div
      class="image-container-without-border"
    >
      <div
        class="carouselv2-item"
        data-key="8"
        data-src="https://streamcoimg-a.akamaihd.net/000/601/50/60150-PosterArt-156ce8779e10cea3cdd77c34036a9c6f.jpg?resize=512px:*&quality=75&preferredFormat=image/jpeg"
        style="outline: none;"
        tabindex="0"
      >
        <a
          href="/program?mid=60150&from=tvshows"
        >
          <img
            class="c-img"
          />
        </a>
      </div>
    </div>
    <div
      class="image-container-without-border"
    >
      <div
        class="carouselv2-item"
        data-key="9"
        data-src="https://streamcoimg-a.akamaihd.net/000/299/3105/2993105-PosterArt-7005562eb1f40b180ae93a4c99606d76.jpg?resize=512px:*&quality=75&preferredFormat=image/jpeg"
        style="outline: none;"
        tabindex="0"
      >
        <a
          href="/program?mid=2993105&from=tvshows"
        >
          <img
            class="c-img"
          />
        </a>
      </div>
    </div>
    <div
      class="image-container-without-border"
    >
      <div
        class="carouselv2-item"
        data-key="10"
        data-src="https://streamcoimg-a.akamaihd.net/000/301/9366/3019366-PosterArt-c9fb9a46950f279aae6170eabab2da93.jpg?resize=512px:*&quality=75&preferredFormat=image/jpeg"
        style="outline: none;"
        tabindex="0"
      >
        <a
          href="/program?mid=3019366&from=tvshows"
        >
          <img
            class="c-img"
          />
        </a>
      </div>
    </div>
    <div
      class="image-container-without-border"
    >
      <div
        class="carouselv2-item"
        data-key="11"
        data-src="https://streamcoimg-a.akamaihd.net/000/375/815/375815-PosterArt-db43c606be4873c5058a9b412a2a01db.jpg?resize=512px:*&quality=75&preferredFormat=image/jpeg"
        style="outline: none;"
        tabindex="0"
      >
        <a
          href="/program?mid=375815&from=tvshows"
        >
          <img
            class="c-img"
          />
        </a>
      </div>
    </div>
    <div
      class="image-container-without-border"
    >
      <div
        class="carouselv2-item"
        data-key="12"
        data-src="https://streamcoimg-a.akamaihd.net/000/637/30/63730-PosterArt-6ad42c53470b4ab69ddbbeaf23f2962e.jpg?resize=512px:*&quality=75&preferredFormat=image/jpeg"
        style="outline: none;"
        tabindex="0"
      >
        <a
          href="/program?mid=63730&from=tvshows"
        >
          <img
            class="c-img"
          />
        </a>
      </div>
    </div>
    <div
      class="image-container-without-border"
    >
      <div
        class="carouselv2-item"
        data-key="13"
        data-src="https://streamcoimg-a.akamaihd.net/000/199/71/19971-PosterArt-5005731d277e57919be404f2cb7bbb7b.jpg?resize=512px:*&quality=75&preferredFormat=image/jpeg"
        style="outline: none;"
        tabindex="0"
      >
        <a
          href="/program?mid=19971&from=tvshows"
        >
          <img
            class="c-img"
          />
        </a>
      </div>
    </div>
    <div
      class="image-container-without-border"
    >
      <div
        class="carouselv2-item"
        data-key="14"
        data-src="https://streamcoimg-a.akamaihd.net/000/207/89/20789-PosterArt-3f323c1819174a64666046c962ec3898.jpg?resize=512px:*&quality=75&preferredFormat=image/jpeg"
        style="outline: none;"
        tabindex="0"
      >
        <a
          href="/program?mid=20789&from=tvshows"
        >
          <img
            class="c-img"
          />
        </a>
      </div>
    </div>
    <div
      class="image-container-without-border"
    >
      <div
        class="carouselv2-item"
        data-key="15"
        data-src="https://streamcoimg-a.akamaihd.net/000/276/56/27656-PosterArt-3f5aaa3c3baf5495b200c980543ffc9f.jpeg"
        style="outline: none;"
        tabindex="0"
      >
        <a
          href="/program?mid=27656&from=tvshows"
        >
          <img
            class="c-img"
          />
        </a>
      </div>
    </div>
    <div
      class="image-container-without-border"
    >
      <div
        class="carouselv2-item"
        data-key="16"
        data-src="https://streamcoimg-a.akamaihd.net/000/302/8275/3028275-PosterArt-3484d8b77cab2bdd7394aa2a8471b694.jpg?resize=512px:*&quality=75&preferredFormat=image/jpeg"
        style="outline: none;"
        tabindex="0"
      >
        <a
          href="/program?mid=3028275&from=tvshows"
        >
          <img
            class="c-img"
          />
        </a>
      </div>
    </div>
    <div
      class="image-container-without-border"
    >
      <div
        class="carouselv2-item"
        data-key="17"
        data-src="https://streamcoimg-a.akamaihd.net/000/680/70/68070-PosterArt-9c14d0f6f6029b75d05f38e022f0c921.jpeg"
        style="outline: none;"
        tabindex="0"
      >
        <a
          href="/program?mid=68070&from=tvshows"
        >
          <img
            class="c-img"
          />
        </a>
      </div>
    </div>
    <div
      class="image-container-without-border"
    >
      <div
        class="carouselv2-item"
        data-key="18"
        data-src="https://streamcoimg-a.akamaihd.net/000/667/76/66776-PosterArt-8bb9065627b00fc779caaab0531a0da3.jpeg"
        style="outline: none;"
        tabindex="0"
      >
        <a
          href="/program?mid=66776&from=tvshows"
        >
          <img
            class="c-img"
          />
        </a>
      </div>
    </div>
    <div
      class="image-container-without-border"
    >
      <div
        class="carouselv2-item"
        data-key="19"
        data-src="https://streamcoimg-a.akamaihd.net/000/295/79/29579-PosterArt-02c4dff7a346a23df002e3434e190cdf.jpg?resize=512px:*&quality=75&preferredFormat=image/jpeg"
        style="outline: none;"
        tabindex="0"
      >
        <a
          href="/program?mid=29579&from=tvshows"
        >
          <img
            class="c-img"
          />
        </a>
      </div>
    </div>
    <div
      class="image-container-without-border"
    >
      <div
        class="carouselv2-item"
        data-key="20"
        data-src="https://streamcoimg-a.akamaihd.net/000/408/308/408308-PosterArt-e607fb9b06d070b055064b7b861e3341.jpg?resize=512px:*&quality=75&preferredFormat=image/jpeg"
        style="outline: none;"
        tabindex="0"
      >
        <a
          href="/program?mid=408308&from=tvshows"
        >
          <img
            class="c-img"
          />
        </a>
      </div>
    </div>
    <div
      class="image-container-without-border"
    >
      <div
        class="carouselv2-item"
        data-key="21"
        data-src="https://streamcoimg-a.akamaihd.net/000/302/0031/3020031-PosterArt-f73e3f1d66bda1d37ad0782cd366b115.jpg?resize=512px:*&quality=75&preferredFormat=image/jpeg"
        style="outline: none;"
        tabindex="0"
      >
        <a
          href="/program?mid=3020031&from=tvshows"
        >
          <img
            class="c-img"
          />
        </a>
      </div>
    </div>
    <div
      class="image-container-without-border"
    >
      <div
        class="carouselv2-item"
        data-key="22"
        data-src="https://streamcoimg-a.akamaihd.net/000/302/8280/3028280-PosterArt-162b2fbc055243013eff73aae0f4de72.jpg?resize=512px:*&quality=75&preferredFormat=image/jpeg"
        style="outline: none;"
        tabindex="0"
      >
        <a
          href="/program?mid=3028280&from=tvshows"
        >
          <img
            class="c-img"
          />
        </a>
      </div>
    </div>
    <div
      class="image-container-without-border"
    >
      <div
        class="carouselv2-item"
        data-key="23"
        data-src="https://streamcoimg-a.akamaihd.net/000/264/21/26421-PosterArt-21077e57c8e85b842997cea8deb3a8f1.jpg?resize=512px:*&quality=75&preferredFormat=image/jpeg"
        style="outline: none;"
        tabindex="0"
      >
        <a
          href="/program?mid=26421&from=tvshows"
        >
          <img
            class="c-img"
          />
        </a>
      </div>
    </div>
    <div
      class="image-container-without-border"
    >
      <div
        class="carouselv2-item"
        data-key="24"
        data-src="https://streamcoimg-a.akamaihd.net/000/681/48/68148-PosterArt-935533a8435c3700a4354752577718f0.jpg?resize=512px:*&quality=75&preferredFormat=image/jpeg"
        style="outline: none;"
        tabindex="0"
      >
        <a
          href="/program?mid=68148&from=tvshows"
        >
          <img
            class="c-img"
          />
        </a>
      </div>
    </div>
    <div
      class="image-container-without-border"
    >
      <div
        class="carouselv2-item"
        data-key="25"
        data-src="https://streamcoimg-a.akamaihd.net/000/301/9355/3019355-PosterArt-b99bca2ca0ef972600e4ab7cb414a228.jpg?resize=512px:*&quality=75&preferredFormat=image/jpeg"
        style="outline: none;"
        tabindex="0"
      >
        <a
          href="/program?mid=3019355&from=tvshows"
        >
          <img
            class="c-img"
          />
        </a>
      </div>
    </div>
    <div
      class="image-container-without-border"
    >
      <div
        class="carouselv2-item"
        data-key="26"
        data-src="https://streamcoimg-a.akamaihd.net/000/676/63/67663-PosterArt-5fa8f418534239af025e67ac5ecc2aec.jpg?resize=512px:*&quality=75&preferredFormat=image/jpeg"
        style="outline: none;"
        tabindex="0"
      >
        <a
          href="/program?mid=67663&from=tvshows"
        >
          <img
            class="c-img"
          />
        </a>
      </div>
    </div>
    <div
      class="image-container-without-border"
    >
      <div
        class="carouselv2-item"
        data-key="27"
        data-src="https://streamcoimg-a.akamaihd.net/000/302/8281/3028281-PosterArt-27c7bf01c3e72dcf70b934bc06e7e29d.jpeg"
        style="outline: none;"
        tabindex="0"
      >
        <a
          href="/program?mid=3028281&from=tvshows"
        >
          <img
            class="c-img"
          />
        </a>
      </div>
    </div>
    <div
      class="image-container-without-border"
    >
      <div
        class="carouselv2-item"
        data-key="28"
        data-src="https://streamcoimg-a.akamaihd.net/000/268/95/26895-PosterArt-b64690765414cbb82c81323f63b3588e.jpg?resize=512px:*&quality=75&preferredFormat=image/jpeg"
        style="outline: none;"
        tabindex="0"
      >
        <a
          href="/program?mid=26895&from=tvshows"
        >
          <img
            class="c-img"
          />
        </a>
      </div>
    </div>
  </div>
</div>
`;
